// Jest Snapshot v1, https://goo.gl/fbAQLP

exports[`importTemplate Tests With mixed imports 1`] = `"import TestDefault, { TestNamed_1, TestNamed_2 } from \\"./test\\""`;

exports[`importTemplate Tests With only default import 1`] = `"import TestDefault from \\"./test\\""`;

exports[`importTemplate Tests With only multiple named imports 1`] = `"import { TestNamed_1, TestNamed_2 } from \\"./test\\""`;

exports[`importTemplate Tests With only multiple unsorted named imports 1`] = `"import { TestNamed_1, TestNamed_2 } from \\"./test\\""`;

exports[`importTemplate Tests With only one named import 1`] = `"import { TestNamed } from \\"./test\\""`;
