import { render, screen } from "@testing-library/react"
import ReactClassDependency from "./ReactClassDependency"

describe("ReactClassDependency Tests", () => {
    beforeEach(() => {
        resetMocks()
    })

    test("Component renders", () => {
        whenComponentIsRendered()
        screen.debug()
    })
})

let mockPropContent: string

function resetMocks() {
    mockPropContent = "mock"
}

function givenPropContent(given: string) {
    mockPropContent = given
}

function whenComponentIsRendered() {
    return render(
        <ReactClassDependency 
            content={mockPropContent}
        />
    )
}